Hmm ... looks like a package
Converting parsed Rd's to LaTeX ..
Creating pdf output from LaTeX ...
Warning in texi2dvi(file = file, pdf = TRUE, clean = clean, quiet = quiet,  :
  texi2dvi script/program not available, using emulation
This is pdfTeX, Version 3.141592653-2.6-1.40.24 (TeX Live 2022) (preloaded format=pdflatex)
 restricted \write18 enabled.
entering extended mode
(./Rd2.tex
LaTeX2e <2022-11-01> patch level 1
L3 programming layer <2023-02-22>
(/usr/local/texlive/2022/texmf-dist/tex/latex/base/book.cls
Document Class: book 2022/07/02 v1.4n Standard LaTeX document class
(/usr/local/texlive/2022/texmf-dist/tex/latex/base/bk10.clo))
(/usr/share/R/share/texmf/tex/latex/Rd.sty
(/usr/local/texlive/2022/texmf-dist/tex/latex/base/ifthen.sty)
(/usr/local/texlive/2022/texmf-dist/tex/generic/iftex/iftex.sty)
(/usr/local/texlive/2022/texmf-dist/tex/latex/tools/longtable.sty)
(/usr/local/texlive/2022/texmf-dist/tex/latex/tools/bm.sty)
(/usr/local/texlive/2022/texmf-dist/tex/latex/base/alltt.sty)
(/usr/local/texlive/2022/texmf-dist/tex/latex/tools/verbatim.sty)
(/usr/local/texlive/2022/texmf-dist/tex/latex/url/url.sty)
(/usr/local/texlive/2022/texmf-dist/tex/latex/base/textcomp.sty)
(/usr/local/texlive/2022/texmf-dist/tex/latex/amsmath/amsmath.sty
For additional information on amsmath, use the `?' option.
(/usr/local/texlive/2022/texmf-dist/tex/latex/amsmath/amstext.sty
(/usr/local/texlive/2022/texmf-dist/tex/latex/amsmath/amsgen.sty))
(/usr/local/texlive/2022/texmf-dist/tex/latex/amsmath/amsbsy.sty)
(/usr/local/texlive/2022/texmf-dist/tex/latex/amsmath/amsopn.sty))
(/usr/local/texlive/2022/texmf-dist/tex/latex/amsfonts/amsfonts.sty)
(/usr/local/texlive/2022/texmf-dist/tex/latex/amsfonts/amssymb.sty)
(/usr/local/texlive/2022/texmf-dist/tex/latex/jknapltx/mathrsfs.sty)
(/usr/local/texlive/2022/texmf-dist/tex/latex/base/fontenc.sty)
(/usr/local/texlive/2022/texmf-dist/tex/latex/psnfss/times.sty)
(/usr/local/texlive/2022/texmf-dist/tex/latex/inconsolata/zi4.sty
`inconsolata-zi4' v1.12, 2019/05/17 Text macros for Inconsolata (msharpe)
(/usr/local/texlive/2022/texmf-dist/tex/latex/xkeyval/xkeyval.sty
(/usr/local/texlive/2022/texmf-dist/tex/generic/xkeyval/xkeyval.tex
(/usr/local/texlive/2022/texmf-dist/tex/generic/xkeyval/xkvutils.tex
(/usr/local/texlive/2022/texmf-dist/tex/generic/xkeyval/keyval.tex)))))
(/usr/local/texlive/2022/texmf-dist/tex/latex/graphics/color.sty
(/usr/local/texlive/2022/texmf-dist/tex/latex/graphics-cfg/color.cfg)
(/usr/local/texlive/2022/texmf-dist/tex/latex/graphics-def/pdftex.def)
(/usr/local/texlive/2022/texmf-dist/tex/latex/graphics/mathcolor.ltx))
(/usr/local/texlive/2022/texmf-dist/tex/latex/hyperref/hyperref.sty
(/usr/local/texlive/2022/texmf-dist/tex/generic/ltxcmds/ltxcmds.sty)
(/usr/local/texlive/2022/texmf-dist/tex/generic/pdftexcmds/pdftexcmds.sty
(/usr/local/texlive/2022/texmf-dist/tex/generic/infwarerr/infwarerr.sty))
(/usr/local/texlive/2022/texmf-dist/tex/latex/kvsetkeys/kvsetkeys.sty)
(/usr/local/texlive/2022/texmf-dist/tex/generic/kvdefinekeys/kvdefinekeys.sty)
(/usr/local/texlive/2022/texmf-dist/tex/generic/pdfescape/pdfescape.sty)
(/usr/local/texlive/2022/texmf-dist/tex/latex/hycolor/hycolor.sty)
(/usr/local/texlive/2022/texmf-dist/tex/latex/letltxmacro/letltxmacro.sty)
(/usr/local/texlive/2022/texmf-dist/tex/latex/auxhook/auxhook.sty)
(/usr/local/texlive/2022/texmf-dist/tex/latex/hyperref/nameref.sty
(/usr/local/texlive/2022/texmf-dist/tex/latex/refcount/refcount.sty)
(/usr/local/texlive/2022/texmf-dist/tex/generic/gettitlestring/gettitlestring.s
ty (/usr/local/texlive/2022/texmf-dist/tex/latex/kvoptions/kvoptions.sty)))
(/usr/local/texlive/2022/texmf-dist/tex/latex/hyperref/pd1enc.def)
(/usr/local/texlive/2022/texmf-dist/tex/generic/intcalc/intcalc.sty)
(/usr/local/texlive/2022/texmf-dist/tex/generic/etexcmds/etexcmds.sty)
(/usr/local/texlive/2022/texmf-dist/tex/latex/hyperref/puenc.def)
(/usr/local/texlive/2022/texmf-dist/tex/generic/bitset/bitset.sty
(/usr/local/texlive/2022/texmf-dist/tex/generic/bigintcalc/bigintcalc.sty))
(/usr/local/texlive/2022/texmf-dist/tex/latex/base/atbegshi-ltx.sty))
(/usr/local/texlive/2022/texmf-dist/tex/latex/hyperref/hpdftex.def
(/usr/local/texlive/2022/texmf-dist/tex/latex/base/atveryend-ltx.sty)
(/usr/local/texlive/2022/texmf-dist/tex/latex/rerunfilecheck/rerunfilecheck.sty

(/usr/local/texlive/2022/texmf-dist/tex/generic/uniquecounter/uniquecounter.sty
)))) (/usr/local/texlive/2022/texmf-dist/tex/latex/base/makeidx.sty)
Writing index file Rd2.idx
(/usr/local/texlive/2022/texmf-dist/tex/latex/psnfss/t1ptm.fd)
(/usr/local/texlive/2022/texmf-dist/tex/latex/l3backend/l3backend-pdftex.def)
No file Rd2.aux.
(/usr/local/texlive/2022/texmf-dist/tex/context/base/mkii/supp-pdf.mkii
[Loading MPS to PDF converter (version 2006.09.02).]
) (/usr/local/texlive/2022/texmf-dist/tex/latex/inconsolata/t1zi4.fd)
No file Rd2.toc.

Underfull \hbox (badness 2269) in paragraph at lines 36--36
[]\T1/ptm/m/it/10 ComplexBrowser pro-teomics quality-control and protein-comple
x
(/usr/local/texlive/2022/texmf-dist/tex/latex/amsfonts/umsa.fd)
(/usr/local/texlive/2022/texmf-dist/tex/latex/amsfonts/umsb.fd)
(/usr/local/texlive/2022/texmf-dist/tex/latex/jknapltx/ursfs.fd) [1{/usr/local/
texlive/2022/texmf-var/fonts/map/pdftex/updmap/pdftex.map}]
(/usr/local/texlive/2022/texmf-dist/tex/latex/psnfss/ts1ptm.fd)
Overfull \hbox (60.83716pt too wide) in paragraph at lines 65--68
[]\T1/ptm/m/n/10 Prepared CO-RUM and EBI Com-plex Por-tal databases are avail-a
ble through []\T1/zi4/m/n/10 complexbrowser_load_corum()

Overfull \hbox (10.06908pt too wide) in paragraph at lines 68--70
[]\T1/ptm/m/n/10 Reusable ex-am-ple in-puts are avail-able be-low []\T1/zi4/m/n
/10 system.file("extdata", "examples", package

Overfull \hbox (0.47897pt too wide) in paragraph at lines 70--72
[]\T1/ptm/m/n/10 Shiny-specific ex-am-ple in-puts are avail-able be-low []\T1/z
i4/m/n/10 system.file("shiny", "data", package

Overfull \hbox (100.84094pt too wide) in paragraph at lines 78--84
[][][]\T1/zi4/m/n/10 complexbrowser_run_qc[][][][]\T1/ptm/m/n/10 , [][][]\T1/zi
4/m/n/10 complexbrowser_run_complex_analysis[][][][]\T1/ptm/m/n/10 , [][][]\T1/
zi4/m/n/10 complexbrowser_cli[][][][]\T1/ptm/m/n/10 , [][][]\T1/zi4/m/n/10 comp
lexbrowser_run_app[][][][]\T1/ptm/m/n/10 ,

Overfull \hbox (34.3009pt too wide) in paragraph at lines 78--84
[]\T1/zi4/m/n/10 vignette("qc-workflow", package = "complexbrowser")[]\T1/ptm/m
/n/10 , []\T1/zi4/m/n/10 vignette("complex-analysis", package
[2]
Overfull \hbox (13.78714pt too wide) in paragraph at lines 144--146
[]\T1/ptm/m/n/10 Statistical de-sign used when q-values must be cal-cu-lated: `
"un-paired"` or `"paired"`. 
[3] [4] [5] [6]
Overfull \hbox (69.61697pt too wide) in paragraph at lines 347--349
[]\T1/ptm/m/n/10 Prepared com-plex database or database se-lec-tor ac-cepted by
 `com-plexbrowser_select_database()`. 
[7] [8] [9] [10] [11]
Overfull \hbox (13.78714pt too wide) in paragraph at lines 604--606
[]\T1/ptm/m/n/10 Statistical de-sign used when q-values must be cal-cu-lated: `
"un-paired"` or `"paired"`. 
[12] [13]
No file Rd2.ind.
[14] (./Rd2.aux)

Package rerunfilecheck Warning: File `Rd2.out' has changed.
(rerunfilecheck)                Rerun to get outlines right
(rerunfilecheck)                or use package `bookmark'.

 )
(see the transcript file for additional information){/usr/local/texlive/2022/te
xmf-dist/fonts/enc/dvips/base/8r.enc}{/usr/local/texlive/2022/texmf-dist/fonts/
enc/dvips/inconsolata/i4-t1-0.enc}</usr/local/texlive/2022/texmf-dist/fonts/typ
e1/public/inconsolata/Inconsolata-zi4r.pfb></usr/local/texlive/2022/texmf-dist/
fonts/type1/urw/times/utmb8a.pfb></usr/local/texlive/2022/texmf-dist/fonts/type
1/urw/times/utmr8a.pfb></usr/local/texlive/2022/texmf-dist/fonts/type1/urw/time
s/utmr8a.pfb></usr/local/texlive/2022/texmf-dist/fonts/type1/urw/times/utmri8a.
pfb>
Output written on Rd2.pdf (14 pages, 95868 bytes).
Transcript written on Rd2.log.
This is makeindex, version 2.16 [TeX Live 2022] (kpathsea + Thai support).
Scanning input file Rd2.idx....done (28 entries accepted, 0 rejected).
Sorting entries....done (129 comparisons).
Generating output file Rd2.ind....done (41 lines written, 0 warnings).
Output written in Rd2.ind.
Transcript written in Rd2.ilg.
This is pdfTeX, Version 3.141592653-2.6-1.40.24 (TeX Live 2022) (preloaded format=pdflatex)
 restricted \write18 enabled.
entering extended mode
(./Rd2.tex
LaTeX2e <2022-11-01> patch level 1
L3 programming layer <2023-02-22>
(/usr/local/texlive/2022/texmf-dist/tex/latex/base/book.cls
Document Class: book 2022/07/02 v1.4n Standard LaTeX document class
(/usr/local/texlive/2022/texmf-dist/tex/latex/base/bk10.clo))
(/usr/share/R/share/texmf/tex/latex/Rd.sty
(/usr/local/texlive/2022/texmf-dist/tex/latex/base/ifthen.sty)
(/usr/local/texlive/2022/texmf-dist/tex/generic/iftex/iftex.sty)
(/usr/local/texlive/2022/texmf-dist/tex/latex/tools/longtable.sty)
(/usr/local/texlive/2022/texmf-dist/tex/latex/tools/bm.sty)
(/usr/local/texlive/2022/texmf-dist/tex/latex/base/alltt.sty)
(/usr/local/texlive/2022/texmf-dist/tex/latex/tools/verbatim.sty)
(/usr/local/texlive/2022/texmf-dist/tex/latex/url/url.sty)
(/usr/local/texlive/2022/texmf-dist/tex/latex/base/textcomp.sty)
(/usr/local/texlive/2022/texmf-dist/tex/latex/amsmath/amsmath.sty
For additional information on amsmath, use the `?' option.
(/usr/local/texlive/2022/texmf-dist/tex/latex/amsmath/amstext.sty
(/usr/local/texlive/2022/texmf-dist/tex/latex/amsmath/amsgen.sty))
(/usr/local/texlive/2022/texmf-dist/tex/latex/amsmath/amsbsy.sty)
(/usr/local/texlive/2022/texmf-dist/tex/latex/amsmath/amsopn.sty))
(/usr/local/texlive/2022/texmf-dist/tex/latex/amsfonts/amsfonts.sty)
(/usr/local/texlive/2022/texmf-dist/tex/latex/amsfonts/amssymb.sty)
(/usr/local/texlive/2022/texmf-dist/tex/latex/jknapltx/mathrsfs.sty)
(/usr/local/texlive/2022/texmf-dist/tex/latex/base/fontenc.sty)
(/usr/local/texlive/2022/texmf-dist/tex/latex/psnfss/times.sty)
(/usr/local/texlive/2022/texmf-dist/tex/latex/inconsolata/zi4.sty
`inconsolata-zi4' v1.12, 2019/05/17 Text macros for Inconsolata (msharpe)
(/usr/local/texlive/2022/texmf-dist/tex/latex/xkeyval/xkeyval.sty
(/usr/local/texlive/2022/texmf-dist/tex/generic/xkeyval/xkeyval.tex
(/usr/local/texlive/2022/texmf-dist/tex/generic/xkeyval/xkvutils.tex
(/usr/local/texlive/2022/texmf-dist/tex/generic/xkeyval/keyval.tex)))))
(/usr/local/texlive/2022/texmf-dist/tex/latex/graphics/color.sty
(/usr/local/texlive/2022/texmf-dist/tex/latex/graphics-cfg/color.cfg)
(/usr/local/texlive/2022/texmf-dist/tex/latex/graphics-def/pdftex.def)
(/usr/local/texlive/2022/texmf-dist/tex/latex/graphics/mathcolor.ltx))
(/usr/local/texlive/2022/texmf-dist/tex/latex/hyperref/hyperref.sty
(/usr/local/texlive/2022/texmf-dist/tex/generic/ltxcmds/ltxcmds.sty)
(/usr/local/texlive/2022/texmf-dist/tex/generic/pdftexcmds/pdftexcmds.sty
(/usr/local/texlive/2022/texmf-dist/tex/generic/infwarerr/infwarerr.sty))
(/usr/local/texlive/2022/texmf-dist/tex/latex/kvsetkeys/kvsetkeys.sty)
(/usr/local/texlive/2022/texmf-dist/tex/generic/kvdefinekeys/kvdefinekeys.sty)
(/usr/local/texlive/2022/texmf-dist/tex/generic/pdfescape/pdfescape.sty)
(/usr/local/texlive/2022/texmf-dist/tex/latex/hycolor/hycolor.sty)
(/usr/local/texlive/2022/texmf-dist/tex/latex/letltxmacro/letltxmacro.sty)
(/usr/local/texlive/2022/texmf-dist/tex/latex/auxhook/auxhook.sty)
(/usr/local/texlive/2022/texmf-dist/tex/latex/hyperref/nameref.sty
(/usr/local/texlive/2022/texmf-dist/tex/latex/refcount/refcount.sty)
(/usr/local/texlive/2022/texmf-dist/tex/generic/gettitlestring/gettitlestring.s
ty (/usr/local/texlive/2022/texmf-dist/tex/latex/kvoptions/kvoptions.sty)))
(/usr/local/texlive/2022/texmf-dist/tex/latex/hyperref/pd1enc.def)
(/usr/local/texlive/2022/texmf-dist/tex/generic/intcalc/intcalc.sty)
(/usr/local/texlive/2022/texmf-dist/tex/generic/etexcmds/etexcmds.sty)
(/usr/local/texlive/2022/texmf-dist/tex/latex/hyperref/puenc.def)
(/usr/local/texlive/2022/texmf-dist/tex/generic/bitset/bitset.sty
(/usr/local/texlive/2022/texmf-dist/tex/generic/bigintcalc/bigintcalc.sty))
(/usr/local/texlive/2022/texmf-dist/tex/latex/base/atbegshi-ltx.sty))
(/usr/local/texlive/2022/texmf-dist/tex/latex/hyperref/hpdftex.def
(/usr/local/texlive/2022/texmf-dist/tex/latex/base/atveryend-ltx.sty)
(/usr/local/texlive/2022/texmf-dist/tex/latex/rerunfilecheck/rerunfilecheck.sty

(/usr/local/texlive/2022/texmf-dist/tex/generic/uniquecounter/uniquecounter.sty
)))) (/usr/local/texlive/2022/texmf-dist/tex/latex/base/makeidx.sty)
Writing index file Rd2.idx
(/usr/local/texlive/2022/texmf-dist/tex/latex/psnfss/t1ptm.fd)
(/usr/local/texlive/2022/texmf-dist/tex/latex/l3backend/l3backend-pdftex.def)
(./Rd2.aux)
(/usr/local/texlive/2022/texmf-dist/tex/context/base/mkii/supp-pdf.mkii
[Loading MPS to PDF converter (version 2006.09.02).]
) (./Rd2.out) (./Rd2.out)
(/usr/local/texlive/2022/texmf-dist/tex/latex/inconsolata/t1zi4.fd) (./Rd2.toc
(/usr/local/texlive/2022/texmf-dist/tex/latex/amsfonts/umsa.fd)
(/usr/local/texlive/2022/texmf-dist/tex/latex/amsfonts/umsb.fd)
(/usr/local/texlive/2022/texmf-dist/tex/latex/jknapltx/ursfs.fd) [1{/usr/local/
texlive/2022/texmf-var/fonts/map/pdftex/updmap/pdftex.map}])
Underfull \hbox (badness 2269) in paragraph at lines 36--36
[]\T1/ptm/m/it/10 ComplexBrowser pro-teomics quality-control and protein-comple
x
(/usr/local/texlive/2022/texmf-dist/tex/latex/psnfss/ts1ptm.fd)
Overfull \hbox (60.83716pt too wide) in paragraph at lines 65--68
[]\T1/ptm/m/n/10 Prepared CO-RUM and EBI Com-plex Por-tal databases are avail-a
ble through []\T1/zi4/m/n/10 complexbrowser_load_corum()

Overfull \hbox (10.06908pt too wide) in paragraph at lines 68--70
[]\T1/ptm/m/n/10 Reusable ex-am-ple in-puts are avail-able be-low []\T1/zi4/m/n
/10 system.file("extdata", "examples", package

Overfull \hbox (0.47897pt too wide) in paragraph at lines 70--72
[]\T1/ptm/m/n/10 Shiny-specific ex-am-ple in-puts are avail-able be-low []\T1/z
i4/m/n/10 system.file("shiny", "data", package

Overfull \hbox (100.84094pt too wide) in paragraph at lines 78--84
[][][]\T1/zi4/m/n/10 complexbrowser_run_qc[][][][]\T1/ptm/m/n/10 , [][][]\T1/zi
4/m/n/10 complexbrowser_run_complex_analysis[][][][]\T1/ptm/m/n/10 , [][][]\T1/
zi4/m/n/10 complexbrowser_cli[][][][]\T1/ptm/m/n/10 , [][][]\T1/zi4/m/n/10 comp
lexbrowser_run_app[][][][]\T1/ptm/m/n/10 ,

Overfull \hbox (34.3009pt too wide) in paragraph at lines 78--84
[]\T1/zi4/m/n/10 vignette("qc-workflow", package = "complexbrowser")[]\T1/ptm/m
/n/10 , []\T1/zi4/m/n/10 vignette("complex-analysis", package
[2] [3]
Overfull \hbox (13.78714pt too wide) in paragraph at lines 144--146
[]\T1/ptm/m/n/10 Statistical de-sign used when q-values must be cal-cu-lated: `
"un-paired"` or `"paired"`. 
[4] [5] [6] [7]
Overfull \hbox (69.61697pt too wide) in paragraph at lines 347--349
[]\T1/ptm/m/n/10 Prepared com-plex database or database se-lec-tor ac-cepted by
 `com-plexbrowser_select_database()`. 
[8] [9] [10] [11] [12]
Overfull \hbox (13.78714pt too wide) in paragraph at lines 604--606
[]\T1/ptm/m/n/10 Statistical de-sign used when q-values must be cal-cu-lated: `
"un-paired"` or `"paired"`. 
[13] [14] (./Rd2.ind [15]

LaTeX Font Warning: Font shape `T1/zi4/m/it' undefined
(Font)              using `T1/zi4/m/n' instead on input line 3.


Overfull \hbox (13.3567pt too wide) in paragraph at lines 17--19
[]\T1/zi4/m/n/10 complexbrowser_filter_stats_for_database\T1/ptm/m/n/10 , 

Overfull \hbox (13.3567pt too wide) in paragraph at lines 19--21
[]\T1/zi4/m/n/10 complexbrowser_input_statistics_filename\T1/ptm/m/n/10 , 
[16]) (./Rd2.aux)

LaTeX Font Warning: Some font shapes were not available, defaults substituted.


Package rerunfilecheck Warning: File `Rd2.out' has changed.
(rerunfilecheck)                Rerun to get outlines right
(rerunfilecheck)                or use package `bookmark'.

 )
(see the transcript file for additional information){/usr/local/texlive/2022/te
xmf-dist/fonts/enc/dvips/base/8r.enc}{/usr/local/texlive/2022/texmf-dist/fonts/
enc/dvips/inconsolata/i4-t1-0.enc}</usr/local/texlive/2022/texmf-dist/fonts/typ
e1/public/inconsolata/Inconsolata-zi4r.pfb></usr/local/texlive/2022/texmf-dist/
fonts/type1/urw/times/utmb8a.pfb></usr/local/texlive/2022/texmf-dist/fonts/type
1/urw/times/utmr8a.pfb></usr/local/texlive/2022/texmf-dist/fonts/type1/urw/time
s/utmr8a.pfb></usr/local/texlive/2022/texmf-dist/fonts/type1/urw/times/utmri8a.
pfb>
Output written on Rd2.pdf (16 pages, 101480 bytes).
Transcript written on Rd2.log.
This is makeindex, version 2.16 [TeX Live 2022] (kpathsea + Thai support).
Scanning input file Rd2.idx....done (28 entries accepted, 0 rejected).
Sorting entries....done (129 comparisons).
Generating output file Rd2.ind....done (42 lines written, 0 warnings).
Output written in Rd2.ind.
Transcript written in Rd2.ilg.
This is pdfTeX, Version 3.141592653-2.6-1.40.24 (TeX Live 2022) (preloaded format=pdflatex)
 restricted \write18 enabled.
entering extended mode
(./Rd2.tex
LaTeX2e <2022-11-01> patch level 1
L3 programming layer <2023-02-22>
(/usr/local/texlive/2022/texmf-dist/tex/latex/base/book.cls
Document Class: book 2022/07/02 v1.4n Standard LaTeX document class
(/usr/local/texlive/2022/texmf-dist/tex/latex/base/bk10.clo))
(/usr/share/R/share/texmf/tex/latex/Rd.sty
(/usr/local/texlive/2022/texmf-dist/tex/latex/base/ifthen.sty)
(/usr/local/texlive/2022/texmf-dist/tex/generic/iftex/iftex.sty)
(/usr/local/texlive/2022/texmf-dist/tex/latex/tools/longtable.sty)
(/usr/local/texlive/2022/texmf-dist/tex/latex/tools/bm.sty)
(/usr/local/texlive/2022/texmf-dist/tex/latex/base/alltt.sty)
(/usr/local/texlive/2022/texmf-dist/tex/latex/tools/verbatim.sty)
(/usr/local/texlive/2022/texmf-dist/tex/latex/url/url.sty)
(/usr/local/texlive/2022/texmf-dist/tex/latex/base/textcomp.sty)
(/usr/local/texlive/2022/texmf-dist/tex/latex/amsmath/amsmath.sty
For additional information on amsmath, use the `?' option.
(/usr/local/texlive/2022/texmf-dist/tex/latex/amsmath/amstext.sty
(/usr/local/texlive/2022/texmf-dist/tex/latex/amsmath/amsgen.sty))
(/usr/local/texlive/2022/texmf-dist/tex/latex/amsmath/amsbsy.sty)
(/usr/local/texlive/2022/texmf-dist/tex/latex/amsmath/amsopn.sty))
(/usr/local/texlive/2022/texmf-dist/tex/latex/amsfonts/amsfonts.sty)
(/usr/local/texlive/2022/texmf-dist/tex/latex/amsfonts/amssymb.sty)
(/usr/local/texlive/2022/texmf-dist/tex/latex/jknapltx/mathrsfs.sty)
(/usr/local/texlive/2022/texmf-dist/tex/latex/base/fontenc.sty)
(/usr/local/texlive/2022/texmf-dist/tex/latex/psnfss/times.sty)
(/usr/local/texlive/2022/texmf-dist/tex/latex/inconsolata/zi4.sty
`inconsolata-zi4' v1.12, 2019/05/17 Text macros for Inconsolata (msharpe)
(/usr/local/texlive/2022/texmf-dist/tex/latex/xkeyval/xkeyval.sty
(/usr/local/texlive/2022/texmf-dist/tex/generic/xkeyval/xkeyval.tex
(/usr/local/texlive/2022/texmf-dist/tex/generic/xkeyval/xkvutils.tex
(/usr/local/texlive/2022/texmf-dist/tex/generic/xkeyval/keyval.tex)))))
(/usr/local/texlive/2022/texmf-dist/tex/latex/graphics/color.sty
(/usr/local/texlive/2022/texmf-dist/tex/latex/graphics-cfg/color.cfg)
(/usr/local/texlive/2022/texmf-dist/tex/latex/graphics-def/pdftex.def)
(/usr/local/texlive/2022/texmf-dist/tex/latex/graphics/mathcolor.ltx))
(/usr/local/texlive/2022/texmf-dist/tex/latex/hyperref/hyperref.sty
(/usr/local/texlive/2022/texmf-dist/tex/generic/ltxcmds/ltxcmds.sty)
(/usr/local/texlive/2022/texmf-dist/tex/generic/pdftexcmds/pdftexcmds.sty
(/usr/local/texlive/2022/texmf-dist/tex/generic/infwarerr/infwarerr.sty))
(/usr/local/texlive/2022/texmf-dist/tex/latex/kvsetkeys/kvsetkeys.sty)
(/usr/local/texlive/2022/texmf-dist/tex/generic/kvdefinekeys/kvdefinekeys.sty)
(/usr/local/texlive/2022/texmf-dist/tex/generic/pdfescape/pdfescape.sty)
(/usr/local/texlive/2022/texmf-dist/tex/latex/hycolor/hycolor.sty)
(/usr/local/texlive/2022/texmf-dist/tex/latex/letltxmacro/letltxmacro.sty)
(/usr/local/texlive/2022/texmf-dist/tex/latex/auxhook/auxhook.sty)
(/usr/local/texlive/2022/texmf-dist/tex/latex/hyperref/nameref.sty
(/usr/local/texlive/2022/texmf-dist/tex/latex/refcount/refcount.sty)
(/usr/local/texlive/2022/texmf-dist/tex/generic/gettitlestring/gettitlestring.s
ty (/usr/local/texlive/2022/texmf-dist/tex/latex/kvoptions/kvoptions.sty)))
(/usr/local/texlive/2022/texmf-dist/tex/latex/hyperref/pd1enc.def)
(/usr/local/texlive/2022/texmf-dist/tex/generic/intcalc/intcalc.sty)
(/usr/local/texlive/2022/texmf-dist/tex/generic/etexcmds/etexcmds.sty)
(/usr/local/texlive/2022/texmf-dist/tex/latex/hyperref/puenc.def)
(/usr/local/texlive/2022/texmf-dist/tex/generic/bitset/bitset.sty
(/usr/local/texlive/2022/texmf-dist/tex/generic/bigintcalc/bigintcalc.sty))
(/usr/local/texlive/2022/texmf-dist/tex/latex/base/atbegshi-ltx.sty))
(/usr/local/texlive/2022/texmf-dist/tex/latex/hyperref/hpdftex.def
(/usr/local/texlive/2022/texmf-dist/tex/latex/base/atveryend-ltx.sty)
(/usr/local/texlive/2022/texmf-dist/tex/latex/rerunfilecheck/rerunfilecheck.sty

(/usr/local/texlive/2022/texmf-dist/tex/generic/uniquecounter/uniquecounter.sty
)))) (/usr/local/texlive/2022/texmf-dist/tex/latex/base/makeidx.sty)
Writing index file Rd2.idx
(/usr/local/texlive/2022/texmf-dist/tex/latex/psnfss/t1ptm.fd)
(/usr/local/texlive/2022/texmf-dist/tex/latex/l3backend/l3backend-pdftex.def)
(./Rd2.aux)
(/usr/local/texlive/2022/texmf-dist/tex/context/base/mkii/supp-pdf.mkii
[Loading MPS to PDF converter (version 2006.09.02).]
) (./Rd2.out) (./Rd2.out)
(/usr/local/texlive/2022/texmf-dist/tex/latex/inconsolata/t1zi4.fd) (./Rd2.toc
(/usr/local/texlive/2022/texmf-dist/tex/latex/amsfonts/umsa.fd)
(/usr/local/texlive/2022/texmf-dist/tex/latex/amsfonts/umsb.fd)
(/usr/local/texlive/2022/texmf-dist/tex/latex/jknapltx/ursfs.fd) [1{/usr/local/
texlive/2022/texmf-var/fonts/map/pdftex/updmap/pdftex.map}])
Underfull \hbox (badness 2269) in paragraph at lines 36--36
[]\T1/ptm/m/it/10 ComplexBrowser pro-teomics quality-control and protein-comple
x
(/usr/local/texlive/2022/texmf-dist/tex/latex/psnfss/ts1ptm.fd)
Overfull \hbox (60.83716pt too wide) in paragraph at lines 65--68
[]\T1/ptm/m/n/10 Prepared CO-RUM and EBI Com-plex Por-tal databases are avail-a
ble through []\T1/zi4/m/n/10 complexbrowser_load_corum()

Overfull \hbox (10.06908pt too wide) in paragraph at lines 68--70
[]\T1/ptm/m/n/10 Reusable ex-am-ple in-puts are avail-able be-low []\T1/zi4/m/n
/10 system.file("extdata", "examples", package

Overfull \hbox (0.47897pt too wide) in paragraph at lines 70--72
[]\T1/ptm/m/n/10 Shiny-specific ex-am-ple in-puts are avail-able be-low []\T1/z
i4/m/n/10 system.file("shiny", "data", package

Overfull \hbox (100.84094pt too wide) in paragraph at lines 78--84
[][][]\T1/zi4/m/n/10 complexbrowser_run_qc[][][][]\T1/ptm/m/n/10 , [][][]\T1/zi
4/m/n/10 complexbrowser_run_complex_analysis[][][][]\T1/ptm/m/n/10 , [][][]\T1/
zi4/m/n/10 complexbrowser_cli[][][][]\T1/ptm/m/n/10 , [][][]\T1/zi4/m/n/10 comp
lexbrowser_run_app[][][][]\T1/ptm/m/n/10 ,

Overfull \hbox (34.3009pt too wide) in paragraph at lines 78--84
[]\T1/zi4/m/n/10 vignette("qc-workflow", package = "complexbrowser")[]\T1/ptm/m
/n/10 , []\T1/zi4/m/n/10 vignette("complex-analysis", package
[2] [3]
Overfull \hbox (13.78714pt too wide) in paragraph at lines 144--146
[]\T1/ptm/m/n/10 Statistical de-sign used when q-values must be cal-cu-lated: `
"un-paired"` or `"paired"`. 
[4] [5] [6] [7]
Overfull \hbox (69.61697pt too wide) in paragraph at lines 347--349
[]\T1/ptm/m/n/10 Prepared com-plex database or database se-lec-tor ac-cepted by
 `com-plexbrowser_select_database()`. 
[8] [9] [10] [11] [12]
Overfull \hbox (13.78714pt too wide) in paragraph at lines 604--606
[]\T1/ptm/m/n/10 Statistical de-sign used when q-values must be cal-cu-lated: `
"un-paired"` or `"paired"`. 
[13] [14] (./Rd2.ind [15]

LaTeX Font Warning: Font shape `T1/zi4/m/it' undefined
(Font)              using `T1/zi4/m/n' instead on input line 3.


Overfull \hbox (13.3567pt too wide) in paragraph at lines 17--19
[]\T1/zi4/m/n/10 complexbrowser_filter_stats_for_database\T1/ptm/m/n/10 , 

Overfull \hbox (13.3567pt too wide) in paragraph at lines 19--21
[]\T1/zi4/m/n/10 complexbrowser_input_statistics_filename\T1/ptm/m/n/10 , 
[16]) (./Rd2.aux)

LaTeX Font Warning: Some font shapes were not available, defaults substituted.

 )
(see the transcript file for additional information){/usr/local/texlive/2022/te
xmf-dist/fonts/enc/dvips/base/8r.enc}{/usr/local/texlive/2022/texmf-dist/fonts/
enc/dvips/inconsolata/i4-t1-0.enc}</usr/local/texlive/2022/texmf-dist/fonts/typ
e1/public/inconsolata/Inconsolata-zi4r.pfb></usr/local/texlive/2022/texmf-dist/
fonts/type1/urw/times/utmb8a.pfb></usr/local/texlive/2022/texmf-dist/fonts/type
1/urw/times/utmr8a.pfb></usr/local/texlive/2022/texmf-dist/fonts/type1/urw/time
s/utmr8a.pfb></usr/local/texlive/2022/texmf-dist/fonts/type1/urw/times/utmri8a.
pfb>
Output written on Rd2.pdf (16 pages, 101489 bytes).
Transcript written on Rd2.log.
Saving output to ‘complexbrowser-manual.pdf’ ...
Done
You may want to clean up by 'rm -Rf /tmp/RtmpFPuTvi/Rd2pdf43cbf600bf801'
